// Jest Snapshot v1, https://goo.gl/fbAQLP

exports[`Header Header snapshot 1`] = `
Object {
  "asFragment": [Function],
  "baseElement": <body>
    <div>
      <header
        class="header"
      >
        <a
          class="header__logo"
          href="/"
        >
          Game Store
        </a>
        <div
          class="header__description"
        >
          <a
            class="header__homepage"
            data-testid="home-link"
            href="/"
          >
            <svg
              fill="currentColor"
              font-size="34"
              height="1em"
              stroke="currentColor"
              stroke-width="0"
              viewBox="0 0 1024 1024"
              width="1em"
              xmlns="http://www.w3.org/2000/svg"
            >
              <path
                d="M946.5 505L560.1 118.8l-25.9-25.9a31.5 31.5 0 0 0-44.4 0L77.5 505a63.9 63.9 0 0 0-18.8 46c.4 35.2 29.7 63.3 64.9 63.3h42.5V940h691.8V614.3h43.4c17.1 0 33.2-6.7 45.3-18.8a63.6 63.6 0 0 0 18.7-45.3c0-17-6.7-33.1-18.8-45.2zM568 868H456V664h112v204zm217.9-325.7V868H632V640c0-22.1-17.9-40-40-40H432c-22.1 0-40 17.9-40 40v228H238.1V542.3h-96l370-369.7 23.1 23.1L882 542.3h-96.1z"
              />
            </svg>
          </a>
          <a
            class="header__favorite"
            data-testid="favorite-link"
            href="/favorite"
          >
            <svg
              fill="currentColor"
              font-size="27"
              height="1em"
              stroke="currentColor"
              stroke-width="0"
              viewBox="0 0 536 512"
              width="1em"
              xmlns="http://www.w3.org/2000/svg"
            >
              <path
                d="M508.55 171.51L362.18 150.2 296.77 17.81C290.89 5.98 279.42 0 267.95 0c-11.4 0-22.79 5.9-28.69 17.81l-65.43 132.38-146.38 21.29c-26.25 3.8-36.77 36.09-17.74 54.59l105.89 103-25.06 145.48C86.98 495.33 103.57 512 122.15 512c4.93 0 10-1.17 14.87-3.75l130.95-68.68 130.94 68.7c4.86 2.55 9.92 3.71 14.83 3.71 18.6 0 35.22-16.61 31.66-37.4l-25.03-145.49 105.91-102.98c19.04-18.5 8.52-50.8-17.73-54.6zm-121.74 123.2l-18.12 17.62 4.28 24.88 19.52 113.45-102.13-53.59-22.38-11.74.03-317.19 51.03 103.29 11.18 22.63 25.01 3.64 114.23 16.63-82.65 80.38z"
              />
            </svg>
            <span
              class="header__cart-number"
            >
              0
            </span>
          </a>
          <a
            class="header__basket"
            data-testid="basket-link"
            href="/basket"
          >
            <svg
              fill="currentColor"
              font-size="30"
              height="1em"
              stroke="currentColor"
              stroke-width="0"
              viewBox="0 0 24 24"
              width="1em"
              xmlns="http://www.w3.org/2000/svg"
            >
              <path
                d="M21 4H2v2h2.3l3.28 9a3 3 0 0 0 2.82 2H19v-2h-8.6a1 1 0 0 1-.94-.66L9 13h9.28a2 2 0 0 0 1.92-1.45L22 5.27A1 1 0 0 0 21.27 4 .84.84 0 0 0 21 4zm-2.75 7h-10L6.43 6h13.24z"
              />
              <circle
                cx="10.5"
                cy="19.5"
                r="1.5"
              />
              <circle
                cx="16.5"
                cy="19.5"
                r="1.5"
              />
            </svg>
            <span
              class="header__cart-number"
            >
              0
            </span>
          </a>
        </div>
      </header>
    </div>
  </body>,
  "container": <div>
    <header
      class="header"
    >
      <a
        class="header__logo"
        href="/"
      >
        Game Store
      </a>
      <div
        class="header__description"
      >
        <a
          class="header__homepage"
          data-testid="home-link"
          href="/"
        >
          <svg
            fill="currentColor"
            font-size="34"
            height="1em"
            stroke="currentColor"
            stroke-width="0"
            viewBox="0 0 1024 1024"
            width="1em"
            xmlns="http://www.w3.org/2000/svg"
          >
            <path
              d="M946.5 505L560.1 118.8l-25.9-25.9a31.5 31.5 0 0 0-44.4 0L77.5 505a63.9 63.9 0 0 0-18.8 46c.4 35.2 29.7 63.3 64.9 63.3h42.5V940h691.8V614.3h43.4c17.1 0 33.2-6.7 45.3-18.8a63.6 63.6 0 0 0 18.7-45.3c0-17-6.7-33.1-18.8-45.2zM568 868H456V664h112v204zm217.9-325.7V868H632V640c0-22.1-17.9-40-40-40H432c-22.1 0-40 17.9-40 40v228H238.1V542.3h-96l370-369.7 23.1 23.1L882 542.3h-96.1z"
            />
          </svg>
        </a>
        <a
          class="header__favorite"
          data-testid="favorite-link"
          href="/favorite"
        >
          <svg
            fill="currentColor"
            font-size="27"
            height="1em"
            stroke="currentColor"
            stroke-width="0"
            viewBox="0 0 536 512"
            width="1em"
            xmlns="http://www.w3.org/2000/svg"
          >
            <path
              d="M508.55 171.51L362.18 150.2 296.77 17.81C290.89 5.98 279.42 0 267.95 0c-11.4 0-22.79 5.9-28.69 17.81l-65.43 132.38-146.38 21.29c-26.25 3.8-36.77 36.09-17.74 54.59l105.89 103-25.06 145.48C86.98 495.33 103.57 512 122.15 512c4.93 0 10-1.17 14.87-3.75l130.95-68.68 130.94 68.7c4.86 2.55 9.92 3.71 14.83 3.71 18.6 0 35.22-16.61 31.66-37.4l-25.03-145.49 105.91-102.98c19.04-18.5 8.52-50.8-17.73-54.6zm-121.74 123.2l-18.12 17.62 4.28 24.88 19.52 113.45-102.13-53.59-22.38-11.74.03-317.19 51.03 103.29 11.18 22.63 25.01 3.64 114.23 16.63-82.65 80.38z"
            />
          </svg>
          <span
            class="header__cart-number"
          >
            0
          </span>
        </a>
        <a
          class="header__basket"
          data-testid="basket-link"
          href="/basket"
        >
          <svg
            fill="currentColor"
            font-size="30"
            height="1em"
            stroke="currentColor"
            stroke-width="0"
            viewBox="0 0 24 24"
            width="1em"
            xmlns="http://www.w3.org/2000/svg"
          >
            <path
              d="M21 4H2v2h2.3l3.28 9a3 3 0 0 0 2.82 2H19v-2h-8.6a1 1 0 0 1-.94-.66L9 13h9.28a2 2 0 0 0 1.92-1.45L22 5.27A1 1 0 0 0 21.27 4 .84.84 0 0 0 21 4zm-2.75 7h-10L6.43 6h13.24z"
            />
            <circle
              cx="10.5"
              cy="19.5"
              r="1.5"
            />
            <circle
              cx="16.5"
              cy="19.5"
              r="1.5"
            />
          </svg>
          <span
            class="header__cart-number"
          >
            0
          </span>
        </a>
      </div>
    </header>
  </div>,
  "debug": [Function],
  "findAllByAltText": [Function],
  "findAllByDisplayValue": [Function],
  "findAllByLabelText": [Function],
  "findAllByPlaceholderText": [Function],
  "findAllByRole": [Function],
  "findAllByTestId": [Function],
  "findAllByText": [Function],
  "findAllByTitle": [Function],
  "findByAltText": [Function],
  "findByDisplayValue": [Function],
  "findByLabelText": [Function],
  "findByPlaceholderText": [Function],
  "findByRole": [Function],
  "findByTestId": [Function],
  "findByText": [Function],
  "findByTitle": [Function],
  "getAllByAltText": [Function],
  "getAllByDisplayValue": [Function],
  "getAllByLabelText": [Function],
  "getAllByPlaceholderText": [Function],
  "getAllByRole": [Function],
  "getAllByTestId": [Function],
  "getAllByText": [Function],
  "getAllByTitle": [Function],
  "getByAltText": [Function],
  "getByDisplayValue": [Function],
  "getByLabelText": [Function],
  "getByPlaceholderText": [Function],
  "getByRole": [Function],
  "getByTestId": [Function],
  "getByText": [Function],
  "getByTitle": [Function],
  "queryAllByAltText": [Function],
  "queryAllByDisplayValue": [Function],
  "queryAllByLabelText": [Function],
  "queryAllByPlaceholderText": [Function],
  "queryAllByRole": [Function],
  "queryAllByTestId": [Function],
  "queryAllByText": [Function],
  "queryAllByTitle": [Function],
  "queryByAltText": [Function],
  "queryByDisplayValue": [Function],
  "queryByLabelText": [Function],
  "queryByPlaceholderText": [Function],
  "queryByRole": [Function],
  "queryByTestId": [Function],
  "queryByText": [Function],
  "queryByTitle": [Function],
  "rerender": [Function],
  "unmount": [Function],
}
`;
